Archive member included to satisfy reference by file (symbol)

/home/david/projects/fsl-community-bsp/mybuild/tmp/sysroots/imx6sxsabresd/usr/lib/arm-poky-linux-gnueabi/5.3.0/libgcc.a(_udivsi3.o)
                              arch/arm/cpu/armv7/built-in.o (__aeabi_uidiv)
/home/david/projects/fsl-community-bsp/mybuild/tmp/sysroots/imx6sxsabresd/usr/lib/arm-poky-linux-gnueabi/5.3.0/libgcc.a(_divsi3.o)
                              cmd/built-in.o (__aeabi_idiv)
/home/david/projects/fsl-community-bsp/mybuild/tmp/sysroots/imx6sxsabresd/usr/lib/arm-poky-linux-gnueabi/5.3.0/libgcc.a(_lshrdi3.o)
                              fs/built-in.o (__aeabi_llsr)
/home/david/projects/fsl-community-bsp/mybuild/tmp/sysroots/imx6sxsabresd/usr/lib/arm-poky-linux-gnueabi/5.3.0/libgcc.a(_ashldi3.o)
                              drivers/mmc/built-in.o (__aeabi_llsl)
/home/david/projects/fsl-community-bsp/mybuild/tmp/sysroots/imx6sxsabresd/usr/lib/arm-poky-linux-gnueabi/5.3.0/libgcc.a(_dvmd_lnx.o)
                              /home/david/projects/fsl-community-bsp/mybuild/tmp/sysroots/imx6sxsabresd/usr/lib/arm-poky-linux-gnueabi/5.3.0/libgcc.a(_udivsi3.o) (__aeabi_idiv0)

Discarded input sections

 .data          0x0000000000000000        0x0 arch/arm/cpu/armv7/start.o
 .bss           0x0000000000000000        0x0 arch/arm/cpu/armv7/start.o
 .text.v7_outer_cache_enable
                0x0000000000000000        0x4 arch/arm/cpu/armv7/built-in.o
 .text.v7_outer_cache_disable
                0x0000000000000000        0x4 arch/arm/cpu/armv7/built-in.o
 .text.v7_outer_cache_flush_all
                0x0000000000000000        0x4 arch/arm/cpu/armv7/built-in.o
 .text.v7_outer_cache_inval_all
                0x0000000000000000        0x4 arch/arm/cpu/armv7/built-in.o
 .text.v7_outer_cache_flush_range
                0x0000000000000000        0x4 arch/arm/cpu/armv7/built-in.o
 .text.v7_outer_cache_inval_range
                0x0000000000000000        0x4 arch/arm/cpu/armv7/built-in.o
 .text.v7_arch_cp15_set_l2aux_ctrl
                0x0000000000000000        0x8 arch/arm/cpu/armv7/built-in.o
 .text.v7_arch_cp15_set_acr
                0x0000000000000000        0x8 arch/arm/cpu/armv7/built-in.o
 .text.sdelay   0x0000000000000000        0xc arch/arm/cpu/armv7/built-in.o
 .text.wait_on_value
                0x0000000000000000       0x34 arch/arm/cpu/armv7/built-in.o
 .text.board_mmc_get_env_dev
                0x0000000000000000        0x8 arch/arm/cpu/armv7/built-in.o
 .text.enable_uart_clk
                0x0000000000000000       0x4c arch/arm/cpu/armv7/built-in.o
 .text.enable_usdhc_clk
                0x0000000000000000       0x4c arch/arm/cpu/armv7/built-in.o
 .text.enable_spi_clk
                0x0000000000000000       0x44 arch/arm/cpu/armv7/built-in.o
 .rodata.soc_boot_modes
                0x0000000000000000       0x60 arch/arm/cpu/armv7/built-in.o
 .data          0x0000000000000000        0x0 arch/arm/cpu/armv7/built-in.o
 .bss           0x0000000000000000        0x0 arch/arm/cpu/armv7/built-in.o
 .text          0x0000000000000000        0x0 arch/arm/imx-common/built-in.o
 .text.imx_iomux_set_gpr_register
                0x0000000000000000       0x3c arch/arm/imx-common/built-in.o
 .text.get_imx_reset_cause
                0x0000000000000000       0x10 arch/arm/imx-common/built-in.o
 .text.imx_ddr_size
                0x0000000000000000       0x64 arch/arm/imx-common/built-in.o
 .text.set_chipselect_size
                0x0000000000000000       0x84 arch/arm/imx-common/built-in.o
 .rodata.col_lookup
                0x0000000000000000        0x8 arch/arm/imx-common/built-in.o
 .rodata.bank_lookup
                0x0000000000000000        0x2 arch/arm/imx-common/built-in.o
 .data          0x0000000000000000        0x0 arch/arm/imx-common/built-in.o
 .bss           0x0000000000000000        0x0 arch/arm/imx-common/built-in.o
 .text.reset_misc
                0x0000000000000000        0x4 arch/arm/lib/built-in.o
 .text.enable_caches
                0x0000000000000000        0xc arch/arm/lib/built-in.o
 .text.invalidate_dcache_range
                0x0000000000000000        0x4 arch/arm/lib/built-in.o
 .text.flush_dcache_range
                0x0000000000000000        0x4 arch/arm/lib/built-in.o
 .text.flush_dcache_all
                0x0000000000000000        0xc arch/arm/lib/built-in.o
 .text.arm_init_before_mmu
                0x0000000000000000        0x4 arch/arm/lib/built-in.o
 .text.mmu_page_table_flush
                0x0000000000000000        0x4 arch/arm/lib/built-in.o
 .rodata.pl310  0x0000000000000000        0x4 arch/arm/lib/built-in.o
 .data          0x0000000000000000        0x0 arch/arm/lib/built-in.o
 .__secure_end  0x0000000000000000        0x0 arch/arm/lib/built-in.o
 .__secure_start
                0x0000000000000000        0x0 arch/arm/lib/built-in.o
 .bss           0x0000000000000000        0x0 arch/arm/lib/built-in.o
 .text          0x0000000000000000        0x0 board/freescale/common/built-in.o
[...]
Memory Configuration

Name             Origin             Length             Attributes
*default*        0x0000000000000000 0xffffffffffffffff

Linker script and memory map

Address of section .text set to 0x87800000
                0x0000000000000000                . = 0x0
                0x0000000000000000                . = ALIGN (0x4)

.text           0x0000000087800000    0x3f0f4
 *(.__image_copy_start)
 .__image_copy_start
                0x0000000087800000        0x0 arch/arm/lib/built-in.o
                0x0000000087800000                __image_copy_start
 *(.vectors)
 .vectors       0x0000000087800000      0x2e8 arch/arm/lib/built-in.o
                0x0000000087800000                _start
                0x0000000087800020                _undefined_instruction
                0x0000000087800024                _software_interrupt
                0x0000000087800028                _prefetch_abort
                0x000000008780002c                _data_abort
                0x0000000087800030                _not_used
                0x0000000087800034                _irq
                0x0000000087800038                _fiq
                0x0000000087800040                IRQ_STACK_START_IN
 arch/arm/cpu/armv7/start.o(.text*)
 .text          0x00000000878002e8       0xe0 arch/arm/cpu/armv7/start.o
                0x00000000878002e8                reset
                0x00000000878002ec                save_boot_params_ret
                0x0000000087800328                c_runtime_cpu_setup
                0x0000000087800338                save_boot_params
                0x000000008780033c                cpu_init_cp15
                0x00000000878003c0                cpu_init_crit
 *(.text*)
 .text          0x00000000878003c8      0x16c arch/arm/cpu/armv7/built-in.o
                0x00000000878003c8                __v7_flush_dcache_all
                0x000000008780045c                v7_flush_dcache_all
                0x000000008780046c                __v7_invalidate_dcache_all
                0x0000000087800500                v7_invalidate_dcache_all
                0x0000000087800510                lowlevel_init
 .text.invalidate_icache_all
                0x0000000087800534       0x18 arch/arm/cpu/armv7/built-in.o
                0x0000000087800534                invalidate_icache_all
 .text.flush_dcache_all
                0x000000008780054c       0x10 arch/arm/cpu/armv7/built-in.o
                0x000000008780054c                flush_dcache_all
 .text.invalidate_dcache_all
                0x000000008780055c       0x10 arch/arm/cpu/armv7/built-in.o
                0x000000008780055c                invalidate_dcache_all
 .text.arm_init_before_mmu
                0x000000008780056c       0x28 arch/arm/cpu/armv7/built-in.o
                0x000000008780056c                arm_init_before_mmu
 .text.flush_dcache_range
                0x0000000087800594       0x38 arch/arm/cpu/armv7/built-in.o
                0x0000000087800594                flush_dcache_range
 .text.mmu_page_table_flush
                0x00000000878005cc       0x24 arch/arm/cpu/armv7/built-in.o
                0x00000000878005cc                mmu_page_table_flush
 .text.invalidate_dcache_range
                0x00000000878005f0       0xa8 arch/arm/cpu/armv7/built-in.o
                0x00000000878005f0                invalidate_dcache_range
 .text.cpu_cache_initialization
                0x0000000087800698        0x4 arch/arm/cpu/armv7/built-in.o
                0x0000000087800698                cpu_cache_initialization
 .text.cleanup_before_linux_select
                0x000000008780069c       0x4c arch/arm/cpu/armv7/built-in.o
                0x000000008780069c                cleanup_before_linux_select
 .text.cleanup_before_linux
                0x00000000878006e8        0x8 arch/arm/cpu/armv7/built-in.o
                0x00000000878006e8                cleanup_before_linux
 .text.get_nr_cpus
                0x00000000878006f0       0x10 arch/arm/cpu/armv7/built-in.o
                0x00000000878006f0                get_nr_cpus
 .text.get_cpu_rev
                0x0000000087800700       0x90 arch/arm/cpu/armv7/built-in.o
                0x0000000087800700                get_cpu_rev
 .text.get_cpu_speed_grade_hz
                0x0000000087800790       0xa0 arch/arm/cpu/armv7/built-in.o
                0x0000000087800790                get_cpu_speed_grade_hz
 .text.get_cpu_temp_grade
                0x0000000087800830       0x68 arch/arm/cpu/armv7/built-in.o
                0x0000000087800830                get_cpu_temp_grade
 .text.get_board_rev
                0x0000000087800898       0x30 arch/arm/cpu/armv7/built-in.o
                0x0000000087800898                get_board_rev
 .text.arch_cpu_init
                0x00000000878008c8       0xd0 arch/arm/cpu/armv7/built-in.o
                0x00000000878008c8                arch_cpu_init
 .text.mmc_get_env_dev
                0x0000000087800998       0x28 arch/arm/cpu/armv7/built-in.o
                0x0000000087800998                mmc_get_env_dev
 .text.board_postclk_init
                0x00000000878009c0       0x58 arch/arm/cpu/armv7/built-in.o
                0x00000000878009c0                board_postclk_init
 .text.imx_get_mac_from_fuse
                0x0000000087800a18       0xa8 arch/arm/cpu/armv7/built-in.o
                0x0000000087800a18                imx_get_mac_from_fuse
 .text.reset_misc
                0x0000000087800ac0        0x4 arch/arm/cpu/armv7/built-in.o
                0x0000000087800ac0                reset_misc
 .text.s_init   0x0000000087800ac4       0x88 arch/arm/cpu/armv7/built-in.o
                0x0000000087800ac4                s_init
 .text.get_ipg_clk
                0x0000000087800b4c       0x28 arch/arm/cpu/armv7/built-in.o
 .text.enable_pll_video.constprop.1
                0x0000000087800b74      0x100 arch/arm/cpu/armv7/built-in.o
 .text.get_uart_clk
                0x0000000087800c74       0xb8 arch/arm/cpu/armv7/built-in.o
 .text.mxc_get_pll_pfd
                0x0000000087800d2c       0xbc arch/arm/cpu/armv7/built-in.o
 .text.get_usdhc_clk
                0x0000000087800de8       0x8c arch/arm/cpu/armv7/built-in.o
 .text.enable_ocotp_clk
                0x0000000087800e74       0x24 arch/arm/cpu/armv7/built-in.o
                0x0000000087800e74                enable_ocotp_clk
 .text.enable_usboh3_clk
                0x0000000087800e98       0x24 arch/arm/cpu/armv7/built-in.o
                0x0000000087800e98                enable_usboh3_clk
 .text.enable_i2c_clk
                0x0000000087800ebc       0xa8 arch/arm/cpu/armv7/built-in.o
                0x0000000087800ebc                enable_i2c_clk
 .text.get_periph_clk
                0x0000000087800f64       0xdc arch/arm/cpu/armv7/built-in.o
                0x0000000087800f64                get_periph_clk
 .text.get_axi_clk
                0x0000000087801040       0x4c arch/arm/cpu/armv7/built-in.o
 .text.mxs_set_lcdclk
                0x000000008780108c      0x290 arch/arm/cpu/armv7/built-in.o
                0x000000008780108c                mxs_set_lcdclk
 .text.enable_lcdif_clock
                0x000000008780131c       0xf4 arch/arm/cpu/armv7/built-in.o
                0x000000008780131c                enable_lcdif_clock
 .text.enable_fec_anatop_clock
                0x0000000087801410      0x118 arch/arm/cpu/armv7/built-in.o
                0x0000000087801410                enable_fec_anatop_clock
 .text.imx_get_uartclk
                0x0000000087801528        0x4 arch/arm/cpu/armv7/built-in.o
                0x0000000087801528                imx_get_uartclk
 .text.enable_pcie_clock
                0x000000008780152c       0xb8 arch/arm/cpu/armv7/built-in.o
                0x000000008780152c                enable_pcie_clock
 .text.enable_thermal_clk
                0x00000000878015e4       0x48 arch/arm/cpu/armv7/built-in.o
                0x00000000878015e4                enable_thermal_clk
 .text.mxc_get_clock
                0x000000008780162c      0x444 arch/arm/cpu/armv7/built-in.o
                0x000000008780162c                mxc_get_clock
 .text.imx_get_fecclk
                0x0000000087801a70        0x8 arch/arm/cpu/armv7/built-in.o
                0x0000000087801a70                imx_get_fecclk
 .text.do_mx6_showclocks
                0x0000000087801a78      0x24c arch/arm/cpu/armv7/built-in.o
                0x0000000087801a78                do_mx6_showclocks
 .text.cpu_reset
                0x0000000087801cc4       0x28 arch/arm/cpu/armv7/built-in.o
                0x0000000087801cc4                cpu_reset
 .text.cpu_status
                0x0000000087801cec       0x40 arch/arm/cpu/armv7/built-in.o
                0x0000000087801cec                cpu_status
 .text.cpu_release
                0x0000000087801d2c       0x84 arch/arm/cpu/armv7/built-in.o
                0x0000000087801d2c                cpu_release
 .text.is_core_valid
                0x0000000087801db0       0x1c arch/arm/cpu/armv7/built-in.o
                0x0000000087801db0                is_core_valid
 .text.cpu_disable
                0x0000000087801dcc       0x28 arch/arm/cpu/armv7/built-in.o
                0x0000000087801dcc                cpu_disable
 .text.imx_iomux_v3_setup_pad
                0x0000000087801df4       0xd0 arch/arm/imx-common/built-in.o
                0x0000000087801df4                imx_iomux_v3_setup_pad
 .text.imx_iomux_v3_setup_multiple_pads
                0x0000000087801ec4       0x2c arch/arm/imx-common/built-in.o
                0x0000000087801ec4                imx_iomux_v3_setup_multiple_pads
 .text.timer_init
                0x0000000087801ef0      0x128 arch/arm/imx-common/built-in.o
                0x0000000087801ef0                timer_init
 .text.timer_read_counter
                0x0000000087802018       0x10 arch/arm/imx-common/built-in.o
                0x0000000087802018                timer_read_counter
 .text.get_tbclk
                0x0000000087802028       0x90 arch/arm/imx-common/built-in.o
                0x0000000087802028                get_tbclk
 .text.get_imx_type
                0x00000000878020b8       0x20 arch/arm/imx-common/built-in.o
                0x00000000878020b8                get_imx_type
 .text.print_cpuinfo
                0x00000000878020d8      0x228 arch/arm/imx-common/built-in.o
                0x00000000878020d8                print_cpuinfo
 .text.cpu_eth_init
                0x0000000087802300        0x4 arch/arm/imx-common/built-in.o
                0x0000000087802300                cpu_eth_init
 .text.cpu_mmc_init
                0x0000000087802304        0x4 arch/arm/imx-common/built-in.o
                0x0000000087802304                cpu_mmc_init
 .text.get_ahb_clk
                0x0000000087802308       0x24 arch/arm/imx-common/built-in.o
                0x0000000087802308                get_ahb_clk
 .text.arch_preboot_os
                0x000000008780232c        0x4 arch/arm/imx-common/built-in.o
                0x000000008780232c                arch_preboot_os
 .text.get_clocks
                0x0000000087802330       0x1c arch/arm/imx-common/built-in.o
                0x0000000087802330                get_clocks
 .text.force_idle_bus
                0x000000008780234c      0x124 arch/arm/imx-common/built-in.o
                0x000000008780234c                force_idle_bus
 .text.setup_i2c
                0x0000000087802470       0xe4 arch/arm/imx-common/built-in.o
                0x0000000087802470                setup_i2c
 .text.mxs_wait_mask_set
                0x0000000087802554       0x3c arch/arm/imx-common/built-in.o
                0x0000000087802554                mxs_wait_mask_set
 .text.mxs_wait_mask_clr
                0x0000000087802590       0x3c arch/arm/imx-common/built-in.o
                0x0000000087802590                mxs_wait_mask_clr
 .text.mxs_reset_block
                0x00000000878025cc       0x90 arch/arm/imx-common/built-in.o
                0x00000000878025cc                mxs_reset_block
 .text.enable_caches
                0x000000008780265c       0x34 arch/arm/imx-common/built-in.o
                0x000000008780265c                enable_caches
 .text.v7_outer_cache_enable
                0x0000000087802690       0x58 arch/arm/imx-common/built-in.o
                0x0000000087802690                v7_outer_cache_enable
 .text.v7_outer_cache_disable
                0x00000000878026e8       0x18 arch/arm/imx-common/built-in.o
                0x00000000878026e8                v7_outer_cache_disable
 .text.init_aips
                0x0000000087802700       0xb0 arch/arm/imx-common/built-in.o
                0x0000000087802700                init_aips
 .text.imx_set_wdog_powerdown
                0x00000000878027b0       0x80 arch/arm/imx-common/built-in.o
                0x00000000878027b0                imx_set_wdog_powerdown
 .text.init_src
                0x0000000087802830       0x18 arch/arm/imx-common/built-in.o
                0x0000000087802830                init_src
 .text          0x0000000087802848       0x90 arch/arm/lib/built-in.o
                0x0000000087802848                _main
 .text.relocate_vectors
                0x00000000878028d8       0x70 arch/arm/lib/built-in.o
                0x00000000878028d8                relocate_vectors
                0x00000000878028e4                relocate_code
 .text.arch_fixup_fdt
                0x0000000087802948       0x38 arch/arm/lib/built-in.o
                0x0000000087802948                arch_fixup_fdt
 .text.boot_jump_linux
                0x0000000087802980       0xc4 arch/arm/lib/built-in.o
 .text.arch_lmb_reserve
                0x0000000087802a44       0x24 arch/arm/lib/built-in.o
                0x0000000087802a44                arch_lmb_reserve
 .text.setup_board_tags
                0x0000000087802a68        0x4 arch/arm/lib/built-in.o
                0x0000000087802a68                setup_board_tags
 .text.boot_prep_linux
                0x0000000087802a6c      0x1d4 arch/arm/lib/built-in.o
 .text.do_bootm_linux
                0x0000000087802c40       0x64 arch/arm/lib/built-in.o
                0x0000000087802c40                do_bootm_linux
 .text.bootz_setup
                0x0000000087802ca4       0x58 arch/arm/lib/built-in.o
                0x0000000087802ca4                bootz_setup
 .text.boot_prep_vxworks
                0x0000000087802cfc       0x50 arch/arm/lib/built-in.o
                0x0000000087802cfc                boot_prep_vxworks
 .text.boot_jump_vxworks
                0x0000000087802d4c        0xc arch/arm/lib/built-in.o
                0x0000000087802d4c                boot_jump_vxworks
 .text.pl310_background_op_all_ways
                0x0000000087802d58       0x38 arch/arm/lib/built-in.o
 .text.v7_outer_cache_inval_all
                0x0000000087802d90        0xc arch/arm/lib/built-in.o
                0x0000000087802d90                v7_outer_cache_inval_all
 .text.v7_outer_cache_flush_all
                0x0000000087802d9c        0xc arch/arm/lib/built-in.o
                0x0000000087802d9c                v7_outer_cache_flush_all
 .text.v7_outer_cache_flush_range
                0x0000000087802da8       0x30 arch/arm/lib/built-in.o
                0x0000000087802da8                v7_outer_cache_flush_range
 .text.v7_outer_cache_inval_range
                0x0000000087802dd8       0x80 arch/arm/lib/built-in.o
                0x0000000087802dd8                v7_outer_cache_inval_range
 .text.arch_reserve_stacks
                0x0000000087802e58       0x1c arch/arm/lib/built-in.o
                0x0000000087802e58                arch_reserve_stacks
 .text.interrupt_init
                0x0000000087802e74       0x1c arch/arm/lib/built-in.o
                0x0000000087802e74                interrupt_init
 .text.enable_interrupts
                0x0000000087802e90        0x4 arch/arm/lib/built-in.o
                0x0000000087802e90                enable_interrupts
 .text.disable_interrupts
                0x0000000087802e94        0x8 arch/arm/lib/built-in.o
                0x0000000087802e94                disable_interrupts
 .text.bad_mode
                0x0000000087802e9c       0x10 arch/arm/lib/built-in.o
                0x0000000087802e9c                bad_mode
 .text.show_regs
                0x0000000087802eac      0x174 arch/arm/lib/built-in.o
                0x0000000087802eac                show_regs
 .text.do_undefined_instruction
                0x0000000087803020       0x24 arch/arm/lib/built-in.o
                0x0000000087803020                do_undefined_instruction
 .text.do_software_interrupt
                0x0000000087803044       0x24 arch/arm/lib/built-in.o
                0x0000000087803044                do_software_interrupt
 .text.do_prefetch_abort
                0x0000000087803068       0x24 arch/arm/lib/built-in.o
                0x0000000087803068                do_prefetch_abort
 .text.do_data_abort
                0x000000008780308c       0x24 arch/arm/lib/built-in.o
                0x000000008780308c                do_data_abort
 .text.do_not_used
                0x00000000878030b0       0x24 arch/arm/lib/built-in.o
                0x00000000878030b0                do_not_used
 .text.do_fiq   0x00000000878030d4       0x24 arch/arm/lib/built-in.o
                0x00000000878030d4                do_fiq
 .text.do_irq   0x00000000878030f8       0x24 arch/arm/lib/built-in.o
                0x00000000878030f8                do_irq
 .text.do_reset
                0x000000008780311c       0x30 arch/arm/lib/built-in.o
                0x000000008780311c                do_reset
 .text.flush_cache
                0x000000008780314c        0x8 arch/arm/lib/built-in.o
                0x000000008780314c                flush_cache
 .text.cp_delay
                0x0000000087803154       0x30 arch/arm/lib/built-in.o
 .text.arm_init_domains
                0x0000000087803184        0x4 arch/arm/lib/built-in.o
                0x0000000087803184                arm_init_domains
 .text.set_section_dcache
                0x0000000087803188       0x14 arch/arm/lib/built-in.o
                0x0000000087803188                set_section_dcache
 .text.mmu_set_region_dcache_behaviour
                0x000000008780319c       0x4c arch/arm/lib/built-in.o
                0x000000008780319c                mmu_set_region_dcache_behaviour
 .text.dram_bank_mmu_setup
                0x00000000878031e8       0x44 arch/arm/lib/built-in.o
                0x00000000878031e8                dram_bank_mmu_setup
 .text.icache_enable
                0x000000008780322c       0x18 arch/arm/lib/built-in.o
                0x000000008780322c                icache_enable
 .text.icache_disable
                0x0000000087803244       0x20 arch/arm/lib/built-in.o
                0x0000000087803244                icache_disable
 .text.icache_status
                0x0000000087803264        0xc arch/arm/lib/built-in.o
                0x0000000087803264                icache_status
 .text.dcache_enable
                0x0000000087803270       0x7c arch/arm/lib/built-in.o
                0x0000000087803270                dcache_enable
 .text.dcache_disable
                0x00000000878032ec       0x2c arch/arm/lib/built-in.o
                0x00000000878032ec                dcache_disable
 .text.dcache_status
                0x0000000087803318        0xc arch/arm/lib/built-in.o
                0x0000000087803318                dcache_status
 .text.pfuze_mode_init
                0x0000000087803324       0xd4 board/freescale/common/built-in.o
                0x0000000087803324                pfuze_mode_init
 .text.pfuze_common_init
                0x00000000878033f8      0x10c board/freescale/common/built-in.o
                0x00000000878033f8                pfuze_common_init
 .text.dram_init
                0x0000000087803504       0x10 board/freescale/mx6sxsabresd/built-in.o
                0x0000000087803504                dram_init
 .text.board_eth_init
                0x0000000087803514       0x9c board/freescale/mx6sxsabresd/built-in.o
                0x0000000087803514                board_eth_init
 .text.power_init_board
                0x00000000878035b0       0x60 board/freescale/mx6sxsabresd/built-in.o
                0x00000000878035b0                power_init_board
 .text.board_usb_phy_mode
                0x0000000087803610       0x14 board/freescale/mx6sxsabresd/built-in.o
                0x0000000087803610                board_usb_phy_mode
 .text.board_ehci_hcd_init
                0x0000000087803624       0x28 board/freescale/mx6sxsabresd/built-in.o
                0x0000000087803624                board_ehci_hcd_init
 .text.board_phy_config
                0x000000008780364c       0xac board/freescale/mx6sxsabresd/built-in.o
                0x000000008780364c                board_phy_config
 .text.board_early_init_f
                0x00000000878036f8       0x48 board/freescale/mx6sxsabresd/built-in.o
                0x00000000878036f8                board_early_init_f
 .text.board_mmc_get_env_dev
                0x0000000087803740        0x8 board/freescale/mx6sxsabresd/built-in.o
                0x0000000087803740                board_mmc_get_env_dev
 .text.board_mmc_getcd
                0x0000000087803748       0x5c board/freescale/mx6sxsabresd/built-in.o
                0x0000000087803748                board_mmc_getcd
 .text.board_mmc_init
                0x00000000878037a4       0xdc board/freescale/mx6sxsabresd/built-in.o
                0x00000000878037a4                board_mmc_init
 .text.board_init
                0x0000000087803880       0x9c board/freescale/mx6sxsabresd/built-in.o
                0x0000000087803880                board_init
 .text.checkboard
                0x000000008780391c       0x18 board/freescale/mx6sxsabresd/built-in.o
                0x000000008780391c                checkboard
 .text.do_go_exec
                0x0000000087803934       0x10 cmd/built-in.o
                0x0000000087803934                do_go_exec
 .text.do_go    0x0000000087803944       0x6c cmd/built-in.o
 .text.do_bootm
                0x00000000878039b0      0x10c cmd/built-in.o
                0x00000000878039b0                do_bootm
 .text.do_bootd
                0x0000000087803abc       0x20 cmd/built-in.o
                0x0000000087803abc                do_bootd
 .text.image_info
                0x0000000087803adc       0xcc cmd/built-in.o
 .text.do_iminfo
                0x0000000087803ba8       0x5c cmd/built-in.o
 .text.bootm_maybe_autostart
                0x0000000087803c04       0x78 cmd/built-in.o
                0x0000000087803c04                bootm_maybe_autostart
 .text.do_bootz
                0x0000000087803c7c       0xf8 cmd/built-in.o
                0x0000000087803c7c                do_bootz
 .text.do_help  0x0000000087803d74       0x44 cmd/built-in.o
 .text.do_version
                0x0000000087803db8       0x38 cmd/built-in.o
 .text.source   0x0000000087803df0       0xd8 cmd/built-in.o
                0x0000000087803df0                source
 .text.do_source
                0x0000000087803ec8       0x44 cmd/built-in.o
 .text.print_num
                0x0000000087803f0c       0x14 cmd/built-in.o
 .text.do_bdinfo
                0x0000000087803f20      0x190 cmd/built-in.o
 .text.do_bmp   0x00000000878040b0       0x58 cmd/built-in.o
 .text.do_bmp_info
                0x0000000087804108      0x10c cmd/built-in.o
 .text.bmp_display
                0x0000000087804214       0x50 cmd/built-in.o
                0x0000000087804214                bmp_display
 .text.do_bmp_display
                0x0000000087804264       0xbc cmd/built-in.o
 .text.bootefi_open_dp
                0x0000000087804320       0x14 cmd/built-in.o
 .text.do_bootefi_exec
                0x0000000087804334      0x210 cmd/built-in.o
 .text.do_bootefi
                0x0000000087804544       0x8c cmd/built-in.o
 .text.efi_set_bootdev
                0x00000000878045d0       0xcc cmd/built-in.o
                0x00000000878045d0                efi_set_bootdev
 .text.parse_argv
                0x000000008780469c       0x64 cmd/built-in.o
 .text.do_icache
                0x0000000087804700       0x88 cmd/built-in.o
 .text.do_dcache
                0x0000000087804788       0x88 cmd/built-in.o
 .text.do_coninfo
                0x0000000087804810       0xb0 cmd/built-in.o
 .text.do_echo  0x00000000878048c0       0xb0 cmd/built-in.o
 .text.load_elf_image_shdr
                0x0000000087804970       0x8c cmd/built-in.o
 .text.valid_elf_image
                0x00000000878049fc       0x4c cmd/built-in.o
                0x00000000878049fc                valid_elf_image
 .text.do_bootelf
                0x0000000087804a48      0x1b0 cmd/built-in.o
                0x0000000087804a48                do_bootelf
 .text.do_bootvx
                0x0000000087804bf8      0x330 cmd/built-in.o
                0x0000000087804bf8                do_bootvx
 .text.do_exit  0x0000000087804f28       0x3c cmd/built-in.o
 .text.do_ext4_size
                0x0000000087804f64       0x18 cmd/built-in.o
                0x0000000087804f64                do_ext4_size
 .text.do_ext4_load
                0x0000000087804f7c       0x18 cmd/built-in.o
                0x0000000087804f7c                do_ext4_load
 .text.do_ext4_ls
                0x0000000087804f94       0x18 cmd/built-in.o
                0x0000000087804f94                do_ext4_ls
 .text.do_ext4_write
                0x0000000087804fac       0x18 cmd/built-in.o
                0x0000000087804fac                do_ext4_write
 .text.do_ext2load
                0x0000000087804fc4       0x18 cmd/built-in.o
                0x0000000087804fc4                do_ext2load
 .text.do_ext2ls
                0x0000000087804fdc       0x18 cmd/built-in.o
 .text.do_fat_size
                0x0000000087804ff4       0x18 cmd/built-in.o
                0x0000000087804ff4                do_fat_size
 .text.do_fat_fsload
                0x000000008780500c       0x18 cmd/built-in.o
                0x000000008780500c                do_fat_fsload
 .text.do_fat_ls
                0x0000000087805024       0x18 cmd/built-in.o
 .text.do_fat_fsinfo
                0x000000008780503c       0x90 cmd/built-in.o
 .text.fdt_valid
                0x00000000878050cc       0xbc cmd/built-in.o
 .text.is_printable_string
                0x0000000087805188       0x9c cmd/built-in.o
 .text.print_data
                0x0000000087805224      0x174 cmd/built-in.o
 .text.set_working_fdt_addr
                0x0000000087805398       0x1c cmd/built-in.o
                0x0000000087805398                set_working_fdt_addr
 .text.do_fdt   0x00000000878053b4      0xe48 cmd/built-in.o
 .text.do_size_wrapper
                0x00000000878061fc       0x18 cmd/built-in.o
 .text.do_load_wrapper
                0x0000000087806214       0x64 cmd/built-in.o
 .text.do_save_wrapper
                0x0000000087806278       0x18 cmd/built-in.o
 .text.do_ls_wrapper
                0x0000000087806290       0x18 cmd/built-in.o
 .text.do_fstype_wrapper
                0x00000000878062a8        0x4 cmd/built-in.o
 .text.strtou32
                0x00000000878062ac       0x44 cmd/built-in.o
 .text.do_fuse  0x00000000878062f0      0x358 cmd/built-in.o
 .text.name_to_gpio
                0x0000000087806648        0xc cmd/built-in.o
                0x0000000087806648                name_to_gpio
 .text.do_gpio  0x0000000087806654      0x1c8 cmd/built-in.o
 .text.do_i2c   0x000000008780681c       0x68 cmd/built-in.o
 .text.do_i2c_bus_speed
                0x0000000087806884       0x78 cmd/built-in.o
 .text.do_i2c_reset
                0x00000000878068fc       0x2c cmd/built-in.o
 .text.do_i2c_probe
                0x0000000087806928       0x9c cmd/built-in.o
 .text.do_i2c_bus_num
                0x00000000878069c4       0xb8 cmd/built-in.o
 .text.do_i2c_show_bus
                0x0000000087806a7c       0xd0 cmd/built-in.o
 .text.get_alen.constprop.5
                0x0000000087806b4c       0x3c cmd/built-in.o
 .text.do_i2c_crc
                0x0000000087806b88      0x120 cmd/built-in.o
 .text.mod_i2c_mem.isra.3
                0x0000000087806ca8      0x1f0 cmd/built-in.o
 .text.do_i2c_nm
                0x0000000087806e98        0x8 cmd/built-in.o
 .text.do_i2c_mm
                0x0000000087806ea0        0x8 cmd/built-in.o
 .text.do_i2c_md
                0x0000000087806ea8      0x1e4 cmd/built-in.o
 .text.do_i2c_read
                0x000000008780708c       0xbc cmd/built-in.o
 .text.do_i2c_mw
                0x0000000087807148       0xfc cmd/built-in.o
 .text.do_i2c_write
                0x0000000087807244      0x14c cmd/built-in.o
 .text.do_i2c_loop
                0x0000000087807390       0xe4 cmd/built-in.o
 .text.i2c_init_board
                0x0000000087807474        0x4 cmd/built-in.o
                0x0000000087807474                i2c_init_board
 .text.evalexp  0x0000000087807478       0x78 cmd/built-in.o
 .text.evalstr  0x00000000878074f0       0x6c cmd/built-in.o
 .text.binary_test
                0x000000008780755c      0x1c0 cmd/built-in.o
 .text.do_itest
                0x000000008780771c       0x88 cmd/built-in.o
 .text.bin_data_init
                0x00000000878077a4       0x2c cmd/built-in.o
 .text.k_data_save
                0x00000000878077d0       0x4c cmd/built-in.o
 .text.k_data_restore
                0x000000008780781c       0x4c cmd/built-in.o
 .text.getcxmodem
                0x0000000087807868       0x20 cmd/built-in.o
 .text.load_serial_ymodem
                0x0000000087807888       0xcc cmd/built-in.o
 .text.bin_data_char
                0x0000000087807954       0x2c cmd/built-in.o
 .text.chk1.constprop.1
                0x0000000087807980       0x2c cmd/built-in.o
 .text.s1_sendpacket.constprop.2
                0x00000000878079ac       0x50 cmd/built-in.o
 .text.load_serial
                0x00000000878079fc      0x1f0 cmd/built-in.o
 .text.do_load_serial
                0x0000000087807bec       0xdc cmd/built-in.o
 .text.do_load_serial_bin
                0x0000000087807cc8      0x7a4 cmd/built-in.o
 .text.do_mem_mw
                0x000000008780846c       0xc0 cmd/built-in.o
 .text.do_mem_loop
                0x000000008780852c       0xec cmd/built-in.o
 .text.do_mem_md
                0x0000000087808618       0xe4 cmd/built-in.o
 .text.do_mem_cmp
                0x00000000878086fc      0x168 cmd/built-in.o
 .text.do_mem_base
                0x0000000087808864       0x40 cmd/built-in.o
 .text.do_mem_cp
                0x00000000878088a4       0xd8 cmd/built-in.o
 .text.do_mem_crc
                0x000000008780897c       0x48 cmd/built-in.o
 .text.mod_mem.isra.0
                0x00000000878089c4      0x16c cmd/built-in.o
 .text.do_mem_mm
                0x0000000087808b30        0x8 cmd/built-in.o
 .text.do_mem_nm
                0x0000000087808b38        0x8 cmd/built-in.o
 .text.extract_range
                0x0000000087808b40       0xe4 cmd/built-in.o
 .text.do_mii   0x0000000087808c24      0x8f0 cmd/built-in.o
 .text.do_mdio  0x0000000087809514      0x4ec cmd/built-in.o
 .text.do_sleep
                0x0000000087809a00       0x70 cmd/built-in.o
 .text.do_mmcops
                0x0000000087809a70       0xb8 cmd/built-in.o
 .text.init_mmc_device
                0x0000000087809b28       0x54 cmd/built-in.o
 .text.do_mmc_rescan
                0x0000000087809b7c       0x24 cmd/built-in.o
 .text.do_mmc_hwpartition
                0x0000000087809ba0      0x510 cmd/built-in.o
 .text.do_mmc_list
                0x000000008780a0b0       0x14 cmd/built-in.o
 .text.do_mmc_dev
                0x000000008780a0c4      0x134 cmd/built-in.o
 .text.do_mmc_part
                0x000000008780a1f8       0x5c cmd/built-in.o
 .text.do_mmc_erase
                0x000000008780a254       0xe8 cmd/built-in.o
 .text.do_mmc_write
                0x000000008780a33c      0x100 cmd/built-in.o
 .text.do_mmc_read
                0x000000008780a43c       0xec cmd/built-in.o
 .text.do_mmcinfo
                0x000000008780a528      0x370 cmd/built-in.o
 .text.do_mmc_setdsr
                0x000000008780a898       0xb0 cmd/built-in.o
 .text.cpu_cmd  0x000000008780a948      0x160 cmd/built-in.o
 .text.netboot_common
                0x000000008780aaa8      0x294 cmd/built-in.o
 .text.do_bootp
                0x000000008780ad3c        0xc cmd/built-in.o
 .text.do_dhcp  0x000000008780ad48        0xc cmd/built-in.o
 .text.do_nfs   0x000000008780ad54        0xc cmd/built-in.o
 .text.do_tftpb
                0x000000008780ad60       0x40 cmd/built-in.o
                0x000000008780ad60                do_tftpb
 .text.do_ping  0x000000008780ada0       0x78 cmd/built-in.o
 .text.pci_cfg_write
                0x000000008780ae18       0x3c cmd/built-in.o
 .text.pci_read_config
                0x000000008780ae54       0x48 cmd/built-in.o
 .text.pci_show_regs
                0x000000008780ae9c       0x84 cmd/built-in.o
 .text.pci_cfg_modify.isra.1
                0x000000008780af20      0x104 cmd/built-in.o
 .text.pci_header_show
                0x000000008780b024       0xc0 cmd/built-in.o
                0x000000008780b024                pci_header_show
 .text.pciinfo_header
                0x000000008780b0e4       0x3c cmd/built-in.o
                0x000000008780b0e4                pciinfo_header
 .text.pci_header_show_brief
                0x000000008780b120       0x80 cmd/built-in.o
                0x000000008780b120                pci_header_show_brief
 .text.pciinfo  0x000000008780b1a0      0x130 cmd/built-in.o
                0x000000008780b1a0                pciinfo
 .text.do_pci   0x000000008780b2d0      0x3a8 cmd/built-in.o
 .text.do_time  0x000000008780b678       0xd0 cmd/built-in.o
 .text.do_false
                0x000000008780b748        0x8 cmd/built-in.o
 .text.do_true  0x000000008780b750        0x8 cmd/built-in.o
 .text.do_test  0x000000008780b758      0x338 cmd/built-in.o
 .text.usb_get_class_desc
                0x000000008780ba90       0xbc cmd/built-in.o
 .text.usb_find_device
                0x000000008780bb4c       0x3c cmd/built-in.o
 .text.usb_show_tree_graph
                0x000000008780bb88      0x228 cmd/built-in.o
 .text.usb_display_class_sub
                0x000000008780bdb0      0x170 cmd/built-in.o
 .text.usb_display_string
                0x000000008780bf20       0x44 cmd/built-in.o
 .text.usb_display_config
                0x000000008780bf64      0x20c cmd/built-in.o
 .text.do_usbboot
                0x000000008780c170        0xc cmd/built-in.o
 .text.usb_display_desc.part.1
                0x000000008780c17c      0x12c cmd/built-in.o
 .text.do_usb_start
                0x000000008780c2a8       0x38 cmd/built-in.o
 .text.usb_show_tree
                0x000000008780c2e0       0x54 cmd/built-in.o
                0x000000008780c2e0                usb_show_tree
 .text.do_usb   0x000000008780c334      0x750 cmd/built-in.o
 .text.do_imgextract
                0x000000008780ca84      0x290 cmd/built-in.o
 .text.do_env_delete
                0x000000008780cd14       0x9c cmd/built-in.o
 .text.do_env_exists
                0x000000008780cdb0       0x64 cmd/built-in.o
 .text.do_env_save
                0x000000008780ce14       0x2c cmd/built-in.o
 .text.do_env   0x000000008780ce40       0x68 cmd/built-in.o
 .text.env_print
                0x000000008780cea8       0xc0 cmd/built-in.o
 .text.do_env_print
                0x000000008780cf68       0xc4 cmd/built-in.o
 .text.do_env_import
                0x000000008780d02c      0x284 cmd/built-in.o
 .text.do_env_default
                0x000000008780d2b0       0xa8 cmd/built-in.o
 .text._do_env_set.isra.0
                0x000000008780d358      0x1bc cmd/built-in.o
 .text.do_env_set
                0x000000008780d514       0x20 cmd/built-in.o
 .text.get_env_id
                0x000000008780d534       0x10 cmd/built-in.o
                0x000000008780d534                get_env_id
 .text.setenv   0x000000008780d544       0x60 cmd/built-in.o
                0x000000008780d544                setenv
 .text.setenv_ulong
                0x000000008780d5a4       0x20 cmd/built-in.o
                0x000000008780d5a4                setenv_ulong
 .text.setenv_hex
                0x000000008780d5c4       0x34 cmd/built-in.o
                0x000000008780d5c4                setenv_hex
 .text.do_env_export
                0x000000008780d5f8      0x258 cmd/built-in.o
 .text.envmatch
                0x000000008780d850       0x6c cmd/built-in.o
                0x000000008780d850                envmatch
 .text.getenv_f
                0x000000008780d8bc       0xc0 cmd/built-in.o
                0x000000008780d8bc                getenv_f
 .text.getenv   0x000000008780d97c       0x78 cmd/built-in.o
                0x000000008780d97c                getenv
 .text.getenv_hex
                0x000000008780d9f4       0x3c cmd/built-in.o
                0x000000008780d9f4                getenv_hex
 .text.getenv_ulong
                0x000000008780da30       0x30 cmd/built-in.o
                0x000000008780da30                getenv_ulong
 .text.do_env_edit.part.2
                0x000000008780da60       0xa4 cmd/built-in.o
 .text.do_env_edit
                0x000000008780db04       0x2c cmd/built-in.o
 .text.common_diskboot
                0x000000008780db30      0x234 cmd/built-in.o
                0x000000008780db30                common_diskboot
 .text.board_init_f_alloc_reserve
                0x000000008780dd64        0xc common/built-in.o
                0x000000008780dd64                board_init_f_alloc_reserve
 .text.board_init_f_init_reserve
                0x000000008780dd70       0x20 common/built-in.o
                0x000000008780dd70                board_init_f_init_reserve
 .text.show_boot_progress
                0x000000008780dd90        0x4 common/built-in.o
                0x000000008780dd90                show_boot_progress
 .text.main_loop
                0x000000008780dd94       0x28 common/built-in.o
                0x000000008780dd94                main_loop
 .text.dummy    0x000000008780ddbc        0x4 common/built-in.o
 .text.get_version
                0x000000008780ddc0        0x8 common/built-in.o
                0x000000008780ddc0                get_version
 .text.jumptable_init
                0x000000008780ddc8      0x1e0 common/built-in.o
                0x000000008780ddc8                jumptable_init
 .text.hash_command
                0x000000008780dfa8       0xb4 common/built-in.o
                0x000000008780dfa8                hash_command
 .text.b_reset  0x000000008780e05c       0x1c common/built-in.o
 .text.static_get
                0x000000008780e078       0x1c common/built-in.o
 .text.file_peek
                0x000000008780e094        0xc common/built-in.o
 .text.mapset   0x000000008780e0a0       0x20 common/built-in.o
 .text.syntax_err
                0x000000008780e0c0        0xc common/built-in.o
 .text.free_pipe_list
                0x000000008780e0cc       0xf4 common/built-in.o
 .text.xmalloc  0x000000008780e1c0       0x20 common/built-in.o
 .text.new_pipe
                0x000000008780e1e0       0x28 common/built-in.o
 .text.xrealloc
                0x000000008780e208       0x20 common/built-in.o
 .text.done_command
                0x000000008780e228       0x88 common/built-in.o
 .text.done_pipe
                0x000000008780e2b0       0x48 common/built-in.o
 .text.done_word
                0x000000008780e2f8      0x2e4 common/built-in.o
 .text.do_showvar
                0x000000008780e5dc       0xf4 common/built-in.o
 .text.is_assignment
                0x000000008780e6d0       0x5c common/built-in.o
 .text.file_get
                0x000000008780e72c      0x1f0 common/built-in.o
 .text.b_addchr
                0x000000008780e91c       0x80 common/built-in.o
 .text.b_addqchr
                0x000000008780e99c       0x50 common/built-in.o
 .text.static_peek
                0x000000008780e9ec        0xc common/built-in.o
 .text.get_local_var
                0x000000008780e9f8       0xa0 common/built-in.o
                0x000000008780e9f8                get_local_var
 .text.set_local_var
                0x000000008780ea98      0x1bc common/built-in.o
                0x000000008780ea98                set_local_var
 .text.insert_var_value_sub
                0x000000008780ec54      0x2c0 common/built-in.o
 .text.parse_string_outer
                0x000000008780ef14       0xe4 common/built-in.o
                0x000000008780ef14                parse_string_outer
 .text.run_list_real
                0x000000008780eff8      0x7b8 common/built-in.o
 .text.parse_stream_outer
                0x000000008780f7b0      0x6d0 common/built-in.o
 .text.parse_file_outer
                0x000000008780fe80       0x44 common/built-in.o
                0x000000008780fe80                parse_file_outer
 .text.u_boot_hush_start
                0x000000008780fec4       0x54 common/built-in.o
                0x000000008780fec4                u_boot_hush_start
 .text.bootdelay_process
                0x000000008780ff18       0x50 common/built-in.o
                0x000000008780ff18                bootdelay_process
 .text.autoboot_command
                0x000000008780ff68       0xd0 common/built-in.o
                0x000000008780ff68                autoboot_command
 .text.setup_mon_len
                0x0000000087810038       0x20 common/built-in.o
 .text.reserve_round_4k
                0x0000000087810058       0x18 common/built-in.o
 .text.reserve_mmu
                0x0000000087810070       0x38 common/built-in.o
 .text.reserve_uboot
                0x00000000878100a8       0x30 common/built-in.o
 .text.reserve_malloc
                0x00000000878100d8       0x18 common/built-in.o
 .text.reserve_global_data
                0x00000000878100f0       0x1c common/built-in.o
 .text.reserve_fdt
                0x000000008781010c       0x4c common/built-in.o
 .text.initf_console_record
                0x0000000087810158        0x8 common/built-in.o
 .text.arch_cpu_init_dm
                0x0000000087810160        0x8 common/built-in.o
                0x0000000087810160                arch_cpu_init_dm
 .text.announce_dram_init
                0x0000000087810168       0x18 common/built-in.o
 .text.init_func_i2c
                0x0000000087810180       0x28 common/built-in.o
 .text.init_baud_rate
                0x00000000878101a8       0x2c common/built-in.o
 .text.mark_bootstage
                0x00000000878101d4       0x14 common/built-in.o
 .text.initf_dm
                0x00000000878101e8        0x8 common/built-in.o
 .text.setup_reloc
                0x00000000878101f0       0x40 common/built-in.o
 .text.reloc_fdt
                0x0000000087810230       0x44 common/built-in.o
 .text.reserve_board
                0x0000000087810274       0x40 common/built-in.o
 .text.reserve_arch
                0x00000000878102b4        0x8 common/built-in.o
                0x00000000878102b4                reserve_arch
 .text.display_text_info
                0x00000000878102bc        0x8 common/built-in.o
 .text.reserve_trace
                0x00000000878102c4        0x8 common/built-in.o
 .text.setup_machine
                0x00000000878102cc        0x8 common/built-in.o
 .text.display_new_sp
                0x00000000878102d4        0x8 common/built-in.o
 .text.coloured_LED_init
                0x00000000878102dc        0x4 common/built-in.o
                0x00000000878102dc                coloured_LED_init
 .text.red_led_on
                0x00000000878102e0        0x4 common/built-in.o
                0x00000000878102e0                red_led_on
 .text.board_add_ram_info
                0x00000000878102e4        0x4 common/built-in.o
                0x00000000878102e4                board_add_ram_info
 .text.show_dram_config
                0x00000000878102e8       0x38 common/built-in.o
 .text.dram_init_banksize
                0x0000000087810320       0x20 common/built-in.o
                0x0000000087810320                dram_init_banksize
 .text.setup_dram_config
                0x0000000087810340       0x10 common/built-in.o
 .text.board_get_usable_ram_top
                0x0000000087810350       0x14 common/built-in.o
                0x0000000087810350                board_get_usable_ram_top
 .text.board_reserve_ram_top
                0x0000000087810364        0x4 common/built-in.o
                0x0000000087810364                board_reserve_ram_top
 .text.setup_dest_addr
                0x0000000087810368       0x4c common/built-in.o
 .text.reserve_stacks
                0x00000000878103b4       0x1c common/built-in.o
 .text.board_init_f
                0x00000000878103d0       0x28 common/built-in.o
                0x00000000878103d0                board_init_f
 .text.bootstage_relocate
                0x00000000878103f8        0x8 common/built-in.o
 .text.initr_reloc
                0x0000000087810400       0x18 common/built-in.o
 .text.initr_announce
                0x0000000087810418        0x8 common/built-in.o
 .text.run_main_loop
                0x0000000087810420        0xc common/built-in.o
 .text.initr_net
                0x000000008781042c       0x1c common/built-in.o
 .text.initr_ethaddr
                0x0000000087810448       0x20 common/built-in.o
 .text.initr_enable_interrupts
                0x0000000087810468       0x10 common/built-in.o
 .text.initr_jumptable
                0x0000000087810478       0x10 common/built-in.o
 .text.initr_pci
                0x0000000087810488       0x10 common/built-in.o
 .text.initr_env
                0x0000000087810498       0x30 common/built-in.o
 .text.initr_mmc
                0x00000000878104c8       0x20 common/built-in.o
 .text.initr_serial
                0x00000000878104e8       0x10 common/built-in.o
 .text.initr_bootstage
                0x00000000878104f8       0x14 common/built-in.o
 .text.initr_dm
                0x000000008781050c       0x14 common/built-in.o
 .text.initr_malloc
                0x0000000087810520       0x24 common/built-in.o
 .text.initr_reloc_global_data
                0x0000000087810544       0x38 common/built-in.o
 .text.initr_caches
                0x000000008781057c       0x10 common/built-in.o
 .text.initr_console_record
                0x000000008781058c        0x8 common/built-in.o
 .text.initr_trace
                0x0000000087810594        0x8 common/built-in.o
 .text.initr_barrier
                0x000000008781059c        0x8 common/built-in.o
 .text.cpu_secondary_init_r
                0x00000000878105a4        0x4 common/built-in.o
                0x00000000878105a4                cpu_secondary_init_r
 .text.initr_secondary_cpu
                0x00000000878105a8       0x10 common/built-in.o
 .text.board_init_r
                0x00000000878105b8       0x14 common/built-in.o
                0x00000000878105b8                board_init_r
 .text.show_board_info
                0x00000000878105cc        0x4 common/built-in.o
                0x00000000878105cc                show_board_info
 .text.bootm_find_images
                0x00000000878105d0       0xa8 common/built-in.o
                0x00000000878105d0                bootm_find_images
 .text.bootm_decomp_image
                0x0000000087810678      0x14c common/built-in.o
                0x0000000087810678                bootm_decomp_image
 .text.bootm_disable_interrupts
                0x00000000878107c4       0x18 common/built-in.o
                0x00000000878107c4                bootm_disable_interrupts
 .text.do_bootm_states
                0x00000000878107dc      0x750 common/built-in.o
                0x00000000878107dc                do_bootm_states
 .text.copy_args
                0x0000000087810f2c       0x50 common/built-in.o
 .text.do_bootm_rtems
                0x0000000087810f7c       0x40 common/built-in.o
 .text.do_bootm_plan9
                0x0000000087810fbc       0xa4 common/built-in.o
 .text.do_bootm_standalone
                0x0000000087811060       0x64 common/built-in.o
 .text.do_bootm_qnxelf
                0x00000000878110c4       0x5c common/built-in.o
 .text.do_bootm_netbsd
                0x0000000087811120       0xf8 common/built-in.o
 .text.do_bootvx_fdt
                0x0000000087811218      0x118 common/built-in.o
                0x0000000087811218                do_bootvx_fdt
 .text.do_bootm_vxworks
                0x0000000087811330       0x24 common/built-in.o
 .text.boot_selected_os
                0x0000000087811354       0x58 common/built-in.o
                0x0000000087811354                boot_selected_os
 .text.bootm_os_get_boot_func
                0x00000000878113ac       0x10 common/built-in.o
                0x00000000878113ac                bootm_os_get_boot_func
 .text.regex_callback
                0x00000000878113bc      0x134 common/built-in.o
 .text.env_attr_walk
                0x00000000878114f0      0x128 common/built-in.o
                0x00000000878114f0                env_attr_walk
 .text.env_attr_lookup
                0x0000000087811618       0x84 common/built-in.o
                0x0000000087811618                env_attr_lookup
 .text.clear_callback
                0x000000008781169c       0x10 common/built-in.o
 .text.find_env_callback
                0x00000000878116ac       0x64 common/built-in.o
 .text.on_callbacks
                0x0000000087811710       0x50 common/built-in.o
 .text.set_callback
                0x0000000087811760       0x98 common/built-in.o
 .text.env_callback_init
                0x00000000878117f8       0xc4 common/built-in.o
                0x00000000878117f8                env_callback_init
 .text.skip_num
                0x00000000878118bc       0x78 common/built-in.o
 .text.clear_flags
                0x0000000087811934       0x10 common/built-in.o
 .text.on_flags
                0x0000000087811944       0x50 common/built-in.o
 .text.env_flags_parse_vartype
                0x0000000087811994       0x50 common/built-in.o
                0x0000000087811994                env_flags_parse_vartype
 .text.env_flags_parse_varaccess
                0x00000000878119e4       0x58 common/built-in.o
                0x00000000878119e4                env_flags_parse_varaccess
 .text.set_flags
                0x0000000087811a3c       0xb0 common/built-in.o
 .text.eth_validate_ethaddr_str
                0x0000000087811aec       0x94 common/built-in.o
                0x0000000087811aec                eth_validate_ethaddr_str
 .text.env_flags_init
                0x0000000087811b80       0xd8 common/built-in.o
                0x0000000087811b80                env_flags_init
 .text.env_flags_validate
                0x0000000087811c58      0x2b8 common/built-in.o
                0x0000000087811c58                env_flags_validate
 .text.mmc_get_env_addr
                0x0000000087811f10       0x10 common/built-in.o
                0x0000000087811f10                mmc_get_env_addr
 .text.env_init
                0x0000000087811f20       0x1c common/built-in.o
                0x0000000087811f20                env_init
 .text.saveenv  0x0000000087811f3c      0x11c common/built-in.o
                0x0000000087811f3c                saveenv
 .text.env_relocate_spec
                0x0000000087812058       0xe0 common/built-in.o
                0x0000000087812058                env_relocate_spec
 .text.fdt_find_and_setprop
                0x0000000087812138       0x70 common/built-in.o
                0x0000000087812138                fdt_find_and_setprop
 .text.fdt_find_or_add_subnode
                0x00000000878121a8       0x60 common/built-in.o
                0x00000000878121a8                fdt_find_or_add_subnode
 .text.fdt_root
                0x0000000087812208       0x90 common/built-in.o
                0x0000000087812208                fdt_root
 .text.fdt_initrd
                0x0000000087812298      0x1cc common/built-in.o
                0x0000000087812298                fdt_initrd
 .text.fdt_chosen
                0x0000000087812464       0xa8 common/built-in.o
                0x0000000087812464                fdt_chosen
 .text.do_fixup_by_path
                0x000000008781250c       0x54 common/built-in.o
                0x000000008781250c                do_fixup_by_path
 .text.fdt_fixup_memory_banks
                0x0000000087812560      0x1b0 common/built-in.o
                0x0000000087812560                fdt_fixup_memory_banks
 .text.fdt_fixup_memory
                0x0000000087812710       0x20 common/built-in.o
                0x0000000087812710                fdt_fixup_memory
 .text.fdt_fixup_ethernet
                0x0000000087812730      0x19c common/built-in.o
                0x0000000087812730                fdt_fixup_ethernet
 .text.fdt_shrink_to_minimum
                0x00000000878128cc       0xcc common/built-in.o
                0x00000000878128cc                fdt_shrink_to_minimum
 .text.miiphy_get_dev_by_name
                0x0000000087812998       0x60 common/built-in.o
                0x0000000087812998                miiphy_get_dev_by_name
 .text.miiphy_init
                0x00000000878129f8       0x24 common/built-in.o
                0x00000000878129f8                miiphy_init
 .text.mdio_alloc
                0x0000000087812a1c       0x30 common/built-in.o
                0x0000000087812a1c                mdio_alloc
 .text.mdio_register
                0x0000000087812a4c       0x94 common/built-in.o
                0x0000000087812a4c                mdio_register
 .text.mdio_unregister
                0x0000000087812ae0       0x3c common/built-in.o
                0x0000000087812ae0                mdio_unregister
 .text.mdio_list_devices
                0x0000000087812b1c       0x98 common/built-in.o
                0x0000000087812b1c                mdio_list_devices
 .text.miiphy_set_current_dev
                0x0000000087812bb4       0x40 common/built-in.o
                0x0000000087812bb4                miiphy_set_current_dev
 .text.miiphy_get_active_dev
                0x0000000087812bf4       0x54 common/built-in.o
 .text.mdio_get_current_dev
                0x0000000087812c48       0x10 common/built-in.o
                0x0000000087812c48                mdio_get_current_dev
 .text.mdio_phydev_for_ethname
                0x0000000087812c58       0x88 common/built-in.o
                0x0000000087812c58                mdio_phydev_for_ethname
 .text.miiphy_get_current_dev
                0x0000000087812ce0       0x18 common/built-in.o
                0x0000000087812ce0                miiphy_get_current_dev
 .text.miiphy_read
                0x0000000087812cf8       0x4c common/built-in.o
                0x0000000087812cf8                miiphy_read
 .text.miiphy_write
                0x0000000087812d44       0x40 common/built-in.o
                0x0000000087812d44                miiphy_write
 .text.miiphy_listdev
                0x0000000087812d84       0x74 common/built-in.o
                0x0000000087812d84                miiphy_listdev
 .text.miiphy_info
                0x0000000087812df8       0x88 common/built-in.o
                0x0000000087812df8                miiphy_info
 .text.miiphy_speed
                0x0000000087812e80       0x94 common/built-in.o
                0x0000000087812e80                miiphy_speed
 .text.miiphy_duplex
                0x0000000087812f14       0x94 common/built-in.o
                0x0000000087812f14                miiphy_duplex
 .text.miiphy_is_1000base_x
                0x0000000087812fa8        0x8 common/built-in.o
                0x0000000087812fa8                miiphy_is_1000base_x
 .text.usb_set_maxpacket_ep
                0x0000000087812fb0       0x70 common/built-in.o
 .text.usb_stop
                0x0000000087813020       0x80 common/built-in.o
                0x0000000087813020                usb_stop
 .text.usb_disable_asynch
                0x00000000878130a0       0x20 common/built-in.o
                0x00000000878130a0                usb_disable_asynch
 .text.usb_control_msg
                0x00000000878130c0       0xc0 common/built-in.o
                0x00000000878130c0                usb_control_msg
 .text.usb_get_descriptor
                0x0000000087813180       0x58 common/built-in.o
 .text.get_descriptor_len
                0x00000000878131d8       0x90 common/built-in.o
 .text.usb_get_string
                0x0000000087813268       0x70 common/built-in.o
 .text.usb_string_sub
                0x00000000878132d8      0x108 common/built-in.o
 .text.usb_bulk_msg
                0x00000000878133e0       0x70 common/built-in.o
                0x00000000878133e0                usb_bulk_msg
 .text.usb_maxpacket
                0x0000000087813450       0x1c common/built-in.o
                0x0000000087813450                usb_maxpacket
 .text.usb_clear_halt
                0x000000008781346c       0x90 common/built-in.o
                0x000000008781346c                usb_clear_halt
 .text.usb_get_configuration_len
                0x00000000878134fc       0x74 common/built-in.o
                0x00000000878134fc                usb_get_configuration_len
 .text.usb_get_configuration_no
                0x0000000087813570       0x34 common/built-in.o
                0x0000000087813570                usb_get_configuration_no
 .text.usb_set_interface
                0x00000000878135a4       0xb4 common/built-in.o
                0x00000000878135a4                usb_set_interface
 .text.usb_string
                0x0000000087813658      0x100 common/built-in.o
                0x0000000087813658                usb_string
 .text.usb_get_dev_index
                0x0000000087813758       0x24 common/built-in.o
                0x0000000087813758                usb_get_dev_index
 .text.usb_alloc_new_device
                0x000000008781377c       0x9c common/built-in.o
                0x000000008781377c                usb_alloc_new_device
 .text.usb_free_device
                0x0000000087813818       0x48 common/built-in.o
                0x0000000087813818                usb_free_device
 .text.usb_alloc_device
                0x0000000087813860        0x8 common/built-in.o
                0x0000000087813860                usb_alloc_device
 .text.usb_select_config
                0x0000000087813868      0x468 common/built-in.o
                0x0000000087813868                usb_select_config
 .text.usb_setup_device
                0x0000000087813cd0      0x170 common/built-in.o
                0x0000000087813cd0                usb_setup_device
 .text.usb_new_device
                0x0000000087813e40       0x34 common/built-in.o
                0x0000000087813e40                usb_new_device
 .text.usb_init
                0x0000000087813e74      0x168 common/built-in.o
                0x0000000087813e74                usb_init
 .text.usb_device_has_child_on_port
                0x0000000087813fdc       0x14 common/built-in.o
                0x0000000087813fdc                usb_device_has_child_on_port
 .text.usb_find_usb2_hub_address_port
                0x0000000087813ff0       0x5c common/built-in.o
                0x0000000087813ff0                usb_find_usb2_hub_address_port
 .text.usb_set_port_feature
                0x000000008781404c       0x4c common/built-in.o
 .text.usb_clear_port_feature
                0x0000000087814098       0x4c common/built-in.o
 .text.usb_get_hub_descriptor
                0x00000000878140e4       0x4c common/built-in.o
 .text.usb_hub_reset_devices
                0x0000000087814130        0x4 common/built-in.o
                0x0000000087814130                usb_hub_reset_devices
 .text.usb_get_port_status
                0x0000000087814134       0x4c common/built-in.o
                0x0000000087814134                usb_get_port_status
 .text.usb_hub_reset
                0x0000000087814180       0x20 common/built-in.o
                0x0000000087814180                usb_hub_reset
 .text.legacy_hub_port_reset
                0x00000000878141a0       0x9c common/built-in.o
                0x00000000878141a0                legacy_hub_port_reset
 .text.usb_hub_port_connect_change
                0x000000008781423c      0x15c common/built-in.o
                0x000000008781423c                usb_hub_port_connect_change
 .text.usb_hub_configure
                0x0000000087814398      0x4b4 common/built-in.o
 .text.usb_hub_probe
                0x000000008781484c       0x54 common/built-in.o
                0x000000008781484c                usb_hub_probe
 .text.usb_stor_irq
                0x00000000878148a0       0x1c common/built-in.o
 .text.usb_stor_BBB_reset
                0x00000000878148bc       0xd0 common/built-in.o
 .text.usb_stor_CB_reset
                0x000000008781498c       0xd0 common/built-in.o
 .text.usb_stor_BBB_clear_endpt_stall.isra.2
                0x0000000087814a5c       0x40 common/built-in.o
 .text.usb_stor_BBB_transport
                0x0000000087814a9c      0x25c common/built-in.o
 .text.usb_stor_CB_comdat
                0x0000000087814cf8      0x204 common/built-in.o
 .text.usb_stor_CBI_get_status.isra.4
                0x0000000087814efc       0xc8 common/built-in.o
 .text.usb_stor_CB_transport
                0x0000000087814fc4      0x228 common/built-in.o
 .text.usb_request_sense.constprop.10
                0x00000000878151ec       0x70 common/built-in.o
 .text.usb_stor_read
                0x000000008781525c      0x174 common/built-in.o
 .text.usb_stor_write
                0x00000000878153d0      0x174 common/built-in.o
 .text.usb_stor_get_dev
                0x0000000087815544       0x28 common/built-in.o
                0x0000000087815544                usb_stor_get_dev
 .text.usb_stor_info
                0x000000008781556c       0x74 common/built-in.o
                0x000000008781556c                usb_stor_info
 .text.usb_storage_probe
                0x00000000878155e0      0x204 common/built-in.o
                0x00000000878155e0                usb_storage_probe
 .text.usb_stor_get_info
                0x00000000878157e4      0x314 common/built-in.o
                0x00000000878157e4                usb_stor_get_info
 .text.usb_stor_scan
                0x0000000087815af8      0x1fc common/built-in.o
                0x0000000087815af8                usb_stor_scan
 .text.splash_screen_prepare
                0x0000000087815cf4        0x8 common/built-in.o
                0x0000000087815cf4                splash_screen_prepare
 .text.splash_get_pos
                0x0000000087815cfc       0x88 common/built-in.o
                0x0000000087815cfc                splash_get_pos
 .text.env_get_char_spec
                0x0000000087815d84        0xc common/built-in.o
                0x0000000087815d84                env_get_char_spec
 .text.env_get_addr
                0x0000000087815d90       0x20 common/built-in.o
                0x0000000087815d90                env_get_addr
 .text.env_get_char_memory
                0x0000000087815db0       0x10 common/built-in.o
                0x0000000087815db0                env_get_char_memory
 .text.env_get_char
                0x0000000087815dc0       0x30 common/built-in.o
                0x0000000087815dc0                env_get_char
 .text.getenv_yesno
                0x0000000087815df0       0x40 common/built-in.o
                0x0000000087815df0                getenv_yesno
 .text.getenv_default
                0x0000000087815e30       0x30 common/built-in.o
                0x0000000087815e30                getenv_default
 .text.set_default_env
                0x0000000087815e60       0xc0 common/built-in.o
                0x0000000087815e60                set_default_env
 .text.set_default_vars
                0x0000000087815f20       0x38 common/built-in.o
                0x0000000087815f20                set_default_vars
 .text.env_import
                0x0000000087815f58       0xdc common/built-in.o
                0x0000000087815f58                env_import
 .text.env_export
                0x0000000087816034       0xa0 common/built-in.o
                0x0000000087816034                env_export
 .text.env_relocate
                0x00000000878160d4       0x2c common/built-in.o
                0x00000000878160d4                env_relocate
 .text.env_complete
                0x0000000087816100       0xf0 common/built-in.o
                0x0000000087816100                env_complete
 .text.console_setfile
                0x00000000878161f0       0xc0 common/built-in.o
 .text.serial_printf
                0x00000000878162b0       0x44 common/built-in.o
                0x00000000878162b0                serial_printf
 .text.putc     0x00000000878162f4       0x34 common/built-in.o
                0x00000000878162f4                putc
 .text.puts     0x0000000087816328       0x34 common/built-in.o
                0x0000000087816328                puts
 .text.fgetc    0x000000008781635c       0x24 common/built-in.o
                0x000000008781635c                fgetc
 .text.getc     0x0000000087816380       0x24 common/built-in.o
                0x0000000087816380                getc
 .text.ftstc    0x00000000878163a4       0x24 common/built-in.o
                0x00000000878163a4                ftstc
 .text.tstc     0x00000000878163c8       0x24 common/built-in.o
                0x00000000878163c8                tstc
 .text.ctrlc    0x00000000878163ec       0x58 common/built-in.o
                0x00000000878163ec                ctrlc
 .text.confirm_yesno
                0x0000000087816444       0xd4 common/built-in.o
                0x0000000087816444                confirm_yesno
 .text.had_ctrlc
                0x0000000087816518       0x10 common/built-in.o
                0x0000000087816518                had_ctrlc
 .text.clear_ctrlc
                0x0000000087816528       0x14 common/built-in.o
                0x0000000087816528                clear_ctrlc
 .text.search_device
                0x000000008781653c       0x28 common/built-in.o
                0x000000008781653c                search_device
 .text.console_assign
                0x0000000087816564       0x48 common/built-in.o
                0x0000000087816564                console_assign
 .text.on_console
                0x00000000878165ac       0xb8 common/built-in.o
 .text.console_init_f
                0x0000000087816664       0x10 common/built-in.o
                0x0000000087816664                console_init_f
 .text.stdio_print_current_devices
                0x0000000087816674       0xb0 common/built-in.o
                0x0000000087816674                stdio_print_current_devices
 .text.console_init_r
                0x0000000087816724      0x180 common/built-in.o
                0x0000000087816724                console_init_r
 .text.sbrk     0x00000000878168a4       0x6c common/built-in.o
                0x00000000878168a4                sbrk
 .text.mem_malloc_init
                0x0000000087816910       0x34 common/built-in.o
                0x0000000087816910                mem_malloc_init
 .text.malloc_trim
                0x0000000087816944       0xcc common/built-in.o
                0x0000000087816944                malloc_trim
 .text.free     0x0000000087816a10      0x24c common/built-in.o
                0x0000000087816a10                free
 .text.malloc   0x0000000087816c5c      0x628 common/built-in.o
                0x0000000087816c5c                malloc
 .text.calloc   0x0000000087817284      0x144 common/built-in.o
                0x0000000087817284                calloc
 .text.realloc  0x00000000878173c8      0x4e0 common/built-in.o
                0x00000000878173c8                realloc
 .text.memalign
                0x00000000878178a8      0x140 common/built-in.o
                0x00000000878178a8                memalign
 .text.initf_malloc
                0x00000000878179e8       0x18 common/built-in.o
                0x00000000878179e8                initf_malloc
 .text.malloc_simple
                0x0000000087817a00       0x30 common/built-in.o
                0x0000000087817a00                malloc_simple
 .text.on_loadaddr
                0x0000000087817a30       0x38 common/built-in.o
 .text.image_check_hcrc
                0x0000000087817a68       0x4c common/built-in.o
                0x0000000087817a68                image_check_hcrc
 .text.image_check_dcrc
                0x0000000087817ab4       0x38 common/built-in.o
                0x0000000087817ab4                image_check_dcrc
 .text.image_multi_count
                0x0000000087817aec       0x1c common/built-in.o
                0x0000000087817aec                image_multi_count
 .text.image_multi_getimg
                0x0000000087817b08       0x80 common/built-in.o
                0x0000000087817b08                image_multi_getimg
 .text.getenv_bootm_low
                0x0000000087817b88       0x30 common/built-in.o
                0x0000000087817b88                getenv_bootm_low
 .text.getenv_bootm_size
                0x0000000087817bb8       0x68 common/built-in.o
                0x0000000087817bb8                getenv_bootm_size
 .text.getenv_bootm_mapsize
                0x0000000087817c20       0x30 common/built-in.o
                0x0000000087817c20                getenv_bootm_mapsize
 .text.memmove_wd
                0x0000000087817c50        0xc common/built-in.o
                0x0000000087817c50                memmove_wd
 .text.genimg_print_size
                0x0000000087817c5c       0x30 common/built-in.o
                0x0000000087817c5c                genimg_print_size
 .text.get_table_entry
                0x0000000087817c8c       0x24 common/built-in.o
                0x0000000087817c8c                get_table_entry
 .text.get_table_entry_name
                0x0000000087817cb0       0x20 common/built-in.o
                0x0000000087817cb0                get_table_entry_name
 .text.genimg_get_os_name
                0x0000000087817cd0       0x18 common/built-in.o
                0x0000000087817cd0                genimg_get_os_name
 .text.genimg_get_arch_name
                0x0000000087817ce8       0x18 common/built-in.o
                0x0000000087817ce8                genimg_get_arch_name
 .text.genimg_get_type_name
                0x0000000087817d00       0x18 common/built-in.o
                0x0000000087817d00                genimg_get_type_name
 .text.genimg_get_comp_name
                0x0000000087817d18       0x18 common/built-in.o
                0x0000000087817d18                genimg_get_comp_name
 .text.image_print_contents
                0x0000000087817d30      0x178 common/built-in.o
                0x0000000087817d30                image_print_contents
 .text.genimg_get_kernel_addr_fit
                0x0000000087817ea8       0x24 common/built-in.o
                0x0000000087817ea8                genimg_get_kernel_addr_fit
 .text.genimg_get_format
                0x0000000087817ecc       0x34 common/built-in.o
                0x0000000087817ecc                genimg_get_format
 .text.genimg_get_image
                0x0000000087817f00        0x4 common/built-in.o
                0x0000000087817f00                genimg_get_image
 .text.genimg_has_config
                0x0000000087817f04        0x8 common/built-in.o
                0x0000000087817f04                genimg_has_config
 .text.boot_get_ramdisk
                0x0000000087817f0c      0x274 common/built-in.o
                0x0000000087817f0c                boot_get_ramdisk
 .text.boot_ramdisk_high
                0x0000000087818180      0x144 common/built-in.o
                0x0000000087818180                boot_ramdisk_high
 .text.boot_get_setup
                0x00000000878182c4        0x8 common/built-in.o
                0x00000000878182c4                boot_get_setup
 .text.image_setup_linux
                0x00000000878182cc       0x8c common/built-in.o
                0x00000000878182cc                image_setup_linux
 .text.fdt_error
                0x0000000087818358       0x2c common/built-in.o
 .text.boot_fdt_add_mem_rsv_regions
                0x0000000087818384       0x88 common/built-in.o
                0x0000000087818384                boot_fdt_add_mem_rsv_regions
 .text.boot_relocate_fdt
                0x000000008781840c      0x198 common/built-in.o
                0x000000008781840c                boot_relocate_fdt
 .text.boot_get_fdt
                0x00000000878185a4      0x2ac common/built-in.o
                0x00000000878185a4                boot_get_fdt
 .text.ft_verify_fdt
                0x0000000087818850        0x8 common/built-in.o
                0x0000000087818850                ft_verify_fdt
 .text.image_setup_libfdt
                0x0000000087818858      0x110 common/built-in.o
                0x0000000087818858                image_setup_libfdt
 .text.get_effective_memsize
                0x0000000087818968        0x8 common/built-in.o
                0x0000000087818968                get_effective_memsize
 .text.nulldev_putc
                0x0000000087818970        0x4 common/built-in.o
 .text.nulldev_puts
                0x0000000087818974        0x4 common/built-in.o
 .text.nulldev_input
                0x0000000087818978        0x8 common/built-in.o
 .text.stdio_serial_tstc
                0x0000000087818980        0x4 common/built-in.o
 .text.stdio_serial_getc
                0x0000000087818984        0x4 common/built-in.o
 .text.stdio_serial_puts
                0x0000000087818988        0x8 common/built-in.o
 .text.stdio_serial_putc
                0x0000000087818990        0x8 common/built-in.o
 .text.stdio_get_list
                0x0000000087818998        0xc common/built-in.o
                0x0000000087818998                stdio_get_list
 .text.stdio_get_by_name
                0x00000000878189a4       0x5c common/built-in.o
                0x00000000878189a4                stdio_get_by_name
 .text.stdio_clone
                0x0000000087818a00       0x38 common/built-in.o
                0x0000000087818a00                stdio_clone
 .text.stdio_register_dev
                0x0000000087818a38       0x50 common/built-in.o
                0x0000000087818a38                stdio_register_dev
 .text.stdio_register
                0x0000000087818a88        0x8 common/built-in.o
                0x0000000087818a88                stdio_register
 .text.stdio_init_tables
                0x0000000087818a90       0x1c common/built-in.o
                0x0000000087818a90                stdio_init_tables
 .text.stdio_add_devices
                0x0000000087818aac       0xd4 common/built-in.o
                0x0000000087818aac                stdio_add_devices
 .text.run_command
                0x0000000087818b80       0x10 common/built-in.o
                0x0000000087818b80                run_command
 .text.run_command_list
                0x0000000087818b90       0x7c common/built-in.o
                0x0000000087818b90                run_command_list
 .text.do_run   0x0000000087818c0c       0x78 common/built-in.o
                0x0000000087818c0c                do_run
 .text.cli_loop
                0x0000000087818c84        0xc common/built-in.o
                0x0000000087818c84                cli_loop
 .text.cli_init
                0x0000000087818c90        0x4 common/built-in.o
                0x0000000087818c90                cli_init
 .text.delete_char.part.0
                0x0000000087818c94       0xd0 common/built-in.o
 .text.cread_add_char
                0x0000000087818d64       0xe8 common/built-in.o
 .text.cli_readline_into_buffer
                0x0000000087818e4c      0x9c0 common/built-in.o
                0x0000000087818e4c                cli_readline_into_buffer
 .text.cli_readline
                0x000000008781980c       0x14 common/built-in.o
                0x000000008781980c                cli_readline
 .text.find_cmd_tbl
                0x0000000087819820       0xa4 common/built-in.o
                0x0000000087819820                find_cmd_tbl
 .text.find_cmd
                0x00000000878198c4       0x28 common/built-in.o
                0x00000000878198c4                find_cmd
 .text.cmd_usage
                0x00000000878198ec       0x5c common/built-in.o
                0x00000000878198ec                cmd_usage
 .text._do_help
                0x0000000087819948      0x178 common/built-in.o
                0x0000000087819948                _do_help
 .text.var_complete
                0x0000000087819ac0       0x84 common/built-in.o
                0x0000000087819ac0                var_complete
 .text.cmd_auto_complete
                0x0000000087819b44      0x4b4 common/built-in.o
                0x0000000087819b44                cmd_auto_complete
 .text.cmd_get_data_size
                0x0000000087819ff8       0x5c common/built-in.o
                0x0000000087819ff8                cmd_get_data_size
 .text.cmd_process
                0x000000008781a054       0xec common/built-in.o
                0x000000008781a054                cmd_process
 .text.cmd_process_error
                0x000000008781a140       0x30 common/built-in.o
                0x000000008781a140                cmd_process_error
 .text.hex1_bin
                0x000000008781a170       0x40 common/built-in.o
 .text.hex2_bin
                0x000000008781a1b0       0x38 common/built-in.o
 .text.srec_decode
                0x000000008781a1e8      0x254 common/built-in.o
                0x000000008781a1e8                srec_decode
 .text.CYGACC_COMM_IF_GETC_TIMEOUT.isra.0
                0x000000008781a43c       0x5c common/built-in.o
 .text.xyzModem_flush
                0x000000008781a498       0x1c common/built-in.o
 .text.xyzModem_get_hdr
                0x000000008781a4b4      0x238 common/built-in.o
 .text.xyzModem_stream_open
                0x000000008781a6ec      0x224 common/built-in.o
                0x000000008781a6ec                xyzModem_stream_open
 .text.xyzModem_stream_read
                0x000000008781a910      0x254 common/built-in.o
                0x000000008781a910                xyzModem_stream_read
 .text.xyzModem_stream_close
                0x000000008781ab64       0x54 common/built-in.o
                0x000000008781ab64                xyzModem_stream_close
 .text.xyzModem_stream_terminate
                0x000000008781abb8       0x94 common/built-in.o
                0x000000008781abb8                xyzModem_stream_terminate
 .text.xyzModem_error
                0x000000008781ac4c       0x20 common/built-in.o
                0x000000008781ac4c                xyzModem_error
 .text.get_dev_hwpart
                0x000000008781ac6c       0xa8 disk/built-in.o
 .text.blk_get_dev
                0x000000008781ad14        0x8 disk/built-in.o
                0x000000008781ad14                blk_get_dev
 .text.dev_print
                0x000000008781ad1c      0x20c disk/built-in.o
                0x000000008781ad1c                dev_print
 .text.part_init
                0x000000008781af28       0x54 disk/built-in.o
                0x000000008781af28                part_init
 .text.part_print
                0x000000008781af7c      0x12c disk/built-in.o
                0x000000008781af7c                part_print
 .text.part_get_info
                0x000000008781b0a8       0x68 disk/built-in.o
                0x000000008781b0a8                part_get_info
 .text.blk_get_device_by_str
                0x000000008781b110      0x128 disk/built-in.o
                0x000000008781b110                blk_get_device_by_str
 .text.blk_get_device_part_str
                0x000000008781b238      0x3f8 disk/built-in.o
                0x000000008781b238                blk_get_device_part_str
 .text.test_block_type
                0x000000008781b630       0x84 disk/built-in.o
 .text.print_partition_extended
                0x000000008781b6b4      0x274 disk/built-in.o
 .text.part_print_dos
                0x000000008781b928       0x34 disk/built-in.o
                0x000000008781b928                part_print_dos
 .text.part_test_dos
                0x000000008781b95c       0x60 disk/built-in.o
 .text.part_get_info_extended.constprop.1
                0x000000008781b9bc      0x2fc disk/built-in.o
 .text.part_get_info_dos
                0x000000008781bcb8       0x20 disk/built-in.o
                0x000000008781bcb8                part_get_info_dos
 .text.alloc_priv
                0x000000008781bcd8       0x48 drivers/built-in.o
 .text.device_bind
                0x000000008781bd20      0x304 drivers/built-in.o
                0x000000008781bd20                device_bind
 .text.device_bind_by_name
                0x000000008781c024       0x60 drivers/built-in.o
                0x000000008781c024                device_bind_by_name
 .text.device_probe
                0x000000008781c084      0x234 drivers/built-in.o
                0x000000008781c084                device_probe
 .text.dev_get_platdata
                0x000000008781c2b8       0x34 drivers/built-in.o
                0x000000008781c2b8                dev_get_platdata
 .text.dev_get_priv
                0x000000008781c2ec       0x34 drivers/built-in.o
                0x000000008781c2ec                dev_get_priv
 .text.lists_driver_lookup_name
                0x000000008781c320       0x4c drivers/built-in.o
                0x000000008781c320                lists_driver_lookup_name
 .text.lists_uclass_lookup
                0x000000008781c36c       0x3c drivers/built-in.o
                0x000000008781c36c                lists_uclass_lookup
 .text.lists_bind_drivers
                0x000000008781c3a8       0x88 drivers/built-in.o
                0x000000008781c3a8                lists_bind_drivers
 .text.dm_root  0x000000008781c430       0x2c drivers/built-in.o
                0x000000008781c430                dm_root
 .text.dm_init  0x000000008781c45c       0x58 drivers/built-in.o
                0x000000008781c45c                dm_init
 .text.dm_scan_platdata
                0x000000008781c4b4       0x2c drivers/built-in.o
                0x000000008781c4b4                dm_scan_platdata
 .text.dm_scan_other
                0x000000008781c4e0        0x8 drivers/built-in.o
                0x000000008781c4e0                dm_scan_other
 .text.dm_init_and_scan
                0x000000008781c4e8       0x30 drivers/built-in.o
                0x000000008781c4e8                dm_init_and_scan
 .text.uclass_find
                0x000000008781c518       0x4c drivers/built-in.o
                0x000000008781c518                uclass_find
 .text.uclass_get
                0x000000008781c564      0x124 drivers/built-in.o
                0x000000008781c564                uclass_get
 .text.uclass_find_device
                0x000000008781c688       0x74 drivers/built-in.o
                0x000000008781c688                uclass_find_device
 .text.uclass_find_device_by_seq
                0x000000008781c6fc       0x7c drivers/built-in.o
                0x000000008781c6fc                uclass_find_device_by_seq
 .text.uclass_get_device_tail
                0x000000008781c778       0x2c drivers/built-in.o
                0x000000008781c778                uclass_get_device_tail
 .text.uclass_get_device
                0x000000008781c7a4       0x30 drivers/built-in.o
                0x000000008781c7a4                uclass_get_device
 .text.uclass_bind_device
                0x000000008781c7d4       0x7c drivers/built-in.o
                0x000000008781c7d4                uclass_bind_device
 .text.uclass_unbind_device
                0x000000008781c850       0x4c drivers/built-in.o
                0x000000008781c850                uclass_unbind_device
 .text.uclass_resolve_seq
                0x000000008781c89c       0xb0 drivers/built-in.o
                0x000000008781c89c                uclass_resolve_seq
 .text.uclass_pre_probe_device
                0x000000008781c94c       0x64 drivers/built-in.o
                0x000000008781c94c                uclass_pre_probe_device
 .text.uclass_post_probe_device
                0x000000008781c9b0       0x20 drivers/built-in.o
                0x000000008781c9b0                uclass_post_probe_device
 .text.uclass_pre_remove_device
                0x000000008781c9d0       0x20 drivers/built-in.o
                0x000000008781c9d0                uclass_pre_remove_device
 .text.dm_warn  0x000000008781c9f0       0x28 drivers/built-in.o
                0x000000008781c9f0                dm_warn
 .text.device_free
                0x000000008781ca18       0x90 drivers/built-in.o
                0x000000008781ca18                device_free
 .text.device_remove
                0x000000008781caa8      0x138 drivers/built-in.o
                0x000000008781caa8                device_remove
 .text.show_devices
                0x000000008781cbe0       0xfc drivers/built-in.o
 .text.dm_dump_all
                0x000000008781ccdc       0x3c drivers/built-in.o
                0x000000008781ccdc                dm_dump_all
 .text.dm_dump_uclass
                0x000000008781cd18       0xdc drivers/built-in.o
                0x000000008781cd18                dm_dump_uclass
 .text.finish_access
                0x000000008781cdf4       0x2c drivers/built-in.o
 .text.set_timing
                0x000000008781ce20       0xb4 drivers/built-in.o
 .text.prepare_access
                0x000000008781ced4       0x88 drivers/built-in.o
 .text.fuse_bank_physical
                0x000000008781cf5c       0x64 drivers/built-in.o
                0x000000008781cf5c                fuse_bank_physical
 .text.fuse_read
                0x000000008781cfc0       0x74 drivers/built-in.o
                0x000000008781cfc0                fuse_read
 .text.fuse_sense
                0x000000008781d034       0xac drivers/built-in.o
                0x000000008781d034                fuse_sense
 .text.fuse_prog
                0x000000008781d0e0       0xa8 drivers/built-in.o
                0x000000008781d0e0                fuse_prog
 .text.fuse_override
                0x000000008781d188       0x6c drivers/built-in.o
                0x000000008781d188                fuse_override
 .text.video_drawchars
                0x000000008781d1f4      0x44c drivers/built-in.o
 .text.video_invertchar
                0x000000008781d640       0x74 drivers/built-in.o
 .text.draw_bitmap
                0x000000008781d6b4       0xdc drivers/built-in.o
 .text.video_putc.part.1
                0x000000008781d790       0x28 drivers/built-in.o
 .text.console_newline.constprop.3
                0x000000008781d7b8       0xe0 drivers/built-in.o
 .text.board_cfb_skip
                0x000000008781d898        0x8 drivers/built-in.o
                0x000000008781d898                board_cfb_skip
 .text.console_cursor
                0x000000008781d8a0       0xa8 drivers/built-in.o
                0x000000008781d8a0                console_cursor
 .text.video_putc
                0x000000008781d948      0x1a4 drivers/built-in.o
 .text.video_puts
                0x000000008781daec       0x7c drivers/built-in.o
 .text.video_set_lut
                0x000000008781db68        0x4 drivers/built-in.o
                0x000000008781db68                video_set_lut
 .text.display_rle8_bitmap
                0x000000008781db6c      0x374 drivers/built-in.o
 .text.plot_logo_or_black
                0x000000008781dee0      0x284 drivers/built-in.o
 .text.do_clrlogo
                0x000000008781e164       0x44 drivers/built-in.o
 .text.video_display_bitmap
                0x000000008781e1a8      0x934 drivers/built-in.o
                0x000000008781e1a8                video_display_bitmap
 .text.video_clear
                0x000000008781eadc       0x54 drivers/built-in.o
                0x000000008781eadc                video_clear
 .text.board_video_skip
                0x000000008781eb30        0x8 drivers/built-in.o
                0x000000008781eb30                board_video_skip
 .text.drv_video_init
                0x000000008781eb38      0x3e8 drivers/built-in.o
                0x000000008781eb38                drv_video_init
 .text.mxsfb_system_setup
                0x000000008781ef20        0x4 drivers/built-in.o
                0x000000008781ef20                mxsfb_system_setup
 .text.lcdif_power_down
                0x000000008781ef24       0x64 drivers/built-in.o
                0x000000008781ef24                lcdif_power_down
 .text.video_hw_init
                0x000000008781ef88      0x294 drivers/built-in.o
                0x000000008781ef88                video_hw_init
 .text.video_get_param_len.constprop.1
                0x000000008781f21c       0x20 drivers/built-in.o
 .text.video_get_params
                0x000000008781f23c      0x4d8 drivers/built-in.o
                0x000000008781f23c                video_get_params
 .text.reset_cpu
                0x000000008781f714       0x30 drivers/built-in.o
                0x000000008781f714                reset_cpu
 .text.thermal_get_temp
                0x000000008781f744       0x20 drivers/built-in.o
                0x000000008781f744                thermal_get_temp
 *fill*         0x000000008781f764        0x4 
 .text.read_cpu_temperature
                0x000000008781f768       0xec drivers/built-in.o
 .text.imx_thermal_get_temp
                0x000000008781f854       0x64 drivers/built-in.o
                0x000000008781f854                imx_thermal_get_temp
 .text.imx_thermal_probe
                0x000000008781f8b8       0xc8 drivers/built-in.o
 .text.gpio_set_value
                0x000000008781f980       0x44 drivers/gpio/built-in.o
                0x000000008781f980                gpio_set_value
 .text.gpio_get_value
                0x000000008781f9c4       0x34 drivers/gpio/built-in.o
                0x000000008781f9c4                gpio_get_value
 .text.gpio_request
                0x000000008781f9f8       0x10 drivers/gpio/built-in.o
                0x000000008781f9f8                gpio_request
 .text.gpio_free
                0x000000008781fa08        0x8 drivers/gpio/built-in.o
                0x000000008781fa08                gpio_free
 .text.gpio_direction_input
                0x000000008781fa10       0x3c drivers/gpio/built-in.o
                0x000000008781fa10                gpio_direction_input
 .text.gpio_direction_output
                0x000000008781fa4c       0x50 drivers/gpio/built-in.o
                0x000000008781fa4c                gpio_direction_output
 .text.i2c_get_adapter
                0x000000008781fa9c       0x64 drivers/i2c/built-in.o
                0x000000008781fa9c                i2c_get_adapter
 .text.i2c_init_bus
                0x000000008781fb00       0x90 drivers/i2c/built-in.o
 .text.i2c_get_bus_num
                0x000000008781fb90        0x8 drivers/i2c/built-in.o
                0x000000008781fb90                i2c_get_bus_num
 .text.i2c_set_bus_num
                0x000000008781fb98       0xb8 drivers/i2c/built-in.o
                0x000000008781fb98                i2c_set_bus_num
 .text.i2c_init_all
                0x000000008781fc50       0x14 drivers/i2c/built-in.o
                0x000000008781fc50                i2c_init_all
 .text.i2c_probe
                0x000000008781fc64       0x2c drivers/i2c/built-in.o
                0x000000008781fc64                i2c_probe
 .text.i2c_read
                0x000000008781fc90       0x4c drivers/i2c/built-in.o
                0x000000008781fc90                i2c_read
 .text.i2c_write
                0x000000008781fcdc       0x4c drivers/i2c/built-in.o
                0x000000008781fcdc                i2c_write
 .text.i2c_set_bus_speed
                0x000000008781fd28       0x64 drivers/i2c/built-in.o
                0x000000008781fd28                i2c_set_bus_speed
 .text.i2c_get_bus_speed
                0x000000008781fd8c       0x14 drivers/i2c/built-in.o
                0x000000008781fd8c                i2c_get_bus_speed
 .text.i2c_init
                0x000000008781fda0       0x14 drivers/i2c/built-in.o
                0x000000008781fda0                i2c_init
 .text.wait_for_sr_state
                0x000000008781fdb4      0x100 drivers/i2c/built-in.o
 .text.tx_byte  0x000000008781feb4       0x50 drivers/i2c/built-in.o
 .text.bus_i2c_set_bus_speed
                0x000000008781ff04       0xb4 drivers/i2c/built-in.o
 .text.mxc_i2c_set_bus_speed
                0x000000008781ffb8       0x18 drivers/i2c/built-in.o
 .text.i2c_imx_stop
                0x000000008781ffd0       0x50 drivers/i2c/built-in.o
 .text.__i2c_force_reset_slave
                0x0000000087820020        0x4 drivers/i2c/built-in.o
                0x0000000087820020                __i2c_force_reset_slave
                0x0000000087820020                i2c_force_reset_slave
 .text.i2c_idle_bus
                0x0000000087820024       0x24 drivers/i2c/built-in.o
                0x0000000087820024                i2c_idle_bus
 .text.i2c_init_transfer
                0x0000000087820048      0x230 drivers/i2c/built-in.o
 .text.mxc_i2c_probe
                0x0000000087820278       0x40 drivers/i2c/built-in.o
 .text.mxc_i2c_read
                0x00000000878202b8      0x184 drivers/i2c/built-in.o
 .text.mxc_i2c_write
                0x000000008782043c       0x6c drivers/i2c/built-in.o
 .text.bus_i2c_init
                0x00000000878204a8       0x70 drivers/i2c/built-in.o
                0x00000000878204a8                bus_i2c_init
 .text.mxc_i2c_init
                0x0000000087820518       0x1c drivers/i2c/built-in.o
 .text.esdhc_getcd
                0x0000000087820534       0x40 drivers/mmc/built-in.o
 .text.esdhc_set_ios
                0x0000000087820574      0x124 drivers/mmc/built-in.o
 .text.esdhc_init
                0x0000000087820698       0x7c drivers/mmc/built-in.o
 .text.check_and_invalidate_dcache_range.isra.0
                0x0000000087820714       0x30 drivers/mmc/built-in.o
 .text.esdhc_send_cmd
                0x0000000087820744      0x3e0 drivers/mmc/built-in.o
 .text.fsl_esdhc_initialize
                0x0000000087820b24      0x190 drivers/mmc/built-in.o
                0x0000000087820b24                fsl_esdhc_initialize
 .text.fsl_esdhc_mmc_init
                0x0000000087820cb4       0x38 drivers/mmc/built-in.o
                0x0000000087820cb4                fsl_esdhc_mmc_init
 .text.mmc_set_ios
                0x0000000087820cec       0x18 drivers/mmc/built-in.o
 .text.mmc_set_capacity
                0x0000000087820d04       0xa8 drivers/mmc/built-in.o
 .text.board_mmc_getwp
                0x0000000087820dac        0x8 drivers/mmc/built-in.o
                0x0000000087820dac                board_mmc_getwp
 .text.mmc_getwp